2026-09-13T19:58:45Z launching fig4_eps002_section_xm001_hi (live=3)
2026-09-13T20:00:15Z launching fig4_eps002_section_xp001_hi (live=2)
2026-09-13T20:01:45Z launching fig4_eps004_section_hi (live=3)
2026-09-13T20:03:15Z launching fig4_eps006_section_hi (live=4)
2026-09-13T20:24:47Z launching fig4_eps002_section_xm002_hi (live=4)
2026-09-13T20:58:19Z launching fig4_eps002_section_xp002_hi (live=4)
2026-09-13T20:59:49Z launching fig4_eps0006_tip (live=3)
2026-09-13T21:01:19Z launching fig4_eps0002_tip (live=3)
2026-09-13T21:02:49Z launching fig4_eps002_chic_tip (live=4)
2026-09-13T21:22:20Z launching fig3_pure_linf_1e3_tip (live=4)
2026-09-13T21:55:52Z launching uv_SRa_tip (live=4)
2026-09-13T22:01:23Z launching uv_SRd_tip (live=4)
2026-09-13T22:02:53Z launching fig3_pure_linf_1e4_tip (live=4)
2026-09-13T22:06:23Z launching fig3_pure_linf_1e2_tip (live=4)
2026-09-13T22:21:54Z launching full_M50_L10_linf_1e2_tip (live=4)
2026-09-13T22:23:24Z queue empty, exiting
2026-09-13T23:23:25Z launching uv_SRa_section_hi (live=1)
2026-09-13T23:24:55Z launching uv_SRa_section_lo (live=2)
2026-09-13T23:26:25Z launching uv_SRa_ffs0_tip (live=3)
2026-09-13T23:27:55Z launching uv_SRd_ffs0_tip (live=4)
2026-09-14T00:43:30Z launching uv_SRb_tip (live=4)
2026-09-14T00:45:00Z launching uv_SRb_ffs0_tip (live=4)
2026-09-14T00:52:30Z launching fig3_dir00 (live=3)
2026-09-14T00:54:00Z launching uv_SRa_ffs0_section_hi (live=3)
2026-09-14T00:55:30Z launching uv_SRa_ffs0_section_lo (live=4)
2026-09-14T02:01:04Z launching uv_SRd_ffs0_section_hi (live=4)
2026-09-14T02:14:35Z launching uv_SRd_ffs0_section_lo (live=4)
2026-09-14T02:16:05Z launching fig3_dir01 (live=4)
2026-09-14T02:17:35Z launching fig3_dir02 (live=4)
2026-09-14T02:19:05Z launching fig3_dir03 (live=4)
2026-09-14T02:20:36Z launching fig3_dir04 (live=4)
2026-09-14T02:22:06Z launching fig3_dir05 (live=4)
2026-09-14T02:23:36Z launching fig3_dir06 (live=4)
2026-09-14T02:25:06Z launching fig3_dir07 (live=4)
2026-09-14T02:26:14Z operator: runner stopped; fig3_dir00-06 failed at restore (precision.py hash changed by the SR-d commit); remaining fig3 lines moved to queue_fig3_stale_*.txt
2026-09-14T02:27:34Z operator: launched fig3_pure_linf_1e3_tip_v2 (same spec, current source hashes) to replace the stale Fig.3 source
2026-09-14T02:38:20Z operator: queued 12 face-diagnostic supports (queue_face_staging.txt), runner restarted MAXJOBS=5
2026-09-14T02:52:20Z launching face_SRa_tip_ImKH_P1_38_max (live=3)
2026-09-14T02:53:24Z operator: inserted srmom_SRb_free_S0n0_min (rule SR-1, node reading) as queue line 3
2026-09-14T02:53:50Z launching face_SRa_xrefhi_ImKH_P1_38_max (live=4)
2026-09-14T03:31:24Z launching face_SRa_tip_ImKH_P1_38_min (live=4)
2026-09-14T03:42:55Z launching srmom_SRb_free_S0n0_min (live=4)
2026-09-14T03:43:39Z operator: fig3 24-direction sweep re-queued from fig3_pure_linf_1e3_tip_v2 (f00 identical to the stale source to 16 digits)
2026-09-14T03:48:26Z launching face_SRa_xrefhi_ImKH_P1_38_min (live=4)
2026-09-14T04:34:00Z launching face_SRa_tip_ImKH_P1_39_max (live=4)
2026-09-14T04:36:59Z operator: inserted face ImS P1 38 max (tip, xrefhi) as queue lines 3-4 (rule F6, pre-registered 04:40Z)
2026-09-14T04:39:30Z launching face_SRa_xrefhi_ImKH_P1_39_max (live=4)
2026-09-14T04:39:34Z operator: inserted uv_SRa_mreg1e3_tip (UV-stage Mreg sensitivity control, node reading) as queue line 5
2026-09-14T05:07:02Z launching face_SRa_ffs0_tip_ImKH_P1_38_max (live=4)
2026-09-14T05:14:32Z launching face_SRa_tip_ImS_P1_38_max (live=4)
2026-09-14T05:21:45Z operator: queued 4 UV upper sections at x_ref+{-.002,-.001,+.001,+.002} (frozen representative rule, C6/C7) before the fig3 sweep
2026-09-14T05:22:03Z launching face_SRa_xrefhi_ImS_P1_38_max (live=4)
2026-09-14T05:53:35Z launching face_SRa_ffs0_tip_ImKH_P1_39_max (live=4)
2026-09-14T06:05:05Z launching uv_SRa_mreg1e3_tip (live=4)
2026-09-14T06:32:37Z launching face_SRa_tip_ImKH_S0_38_max (live=4)
2026-09-14T06:38:07Z launching face_SRa_tip_ImKH_S0_38_min (live=4)
2026-09-14T06:47:38Z launching face_SRa_xrefhi_ImF_P1_38_max (live=4)
2026-09-14T07:04:28Z operator: queued C8 (M,L) UV tips (50,8) (50,12) (45,10) (60,10) after the UV sections, before the fig3 sweep
2026-09-14T07:17:10Z launching face_SRa_xrefhi_ImF_P1_38_min (live=4)
2026-09-14T07:30:41Z launching uv_SRa_section_xm002_hi (live=4)
2026-09-14T07:56:12Z launching uv_SRa_section_xm001_hi (live=4)
2026-09-14T08:01:43Z launching uv_SRa_section_xp001_hi (live=4)
2026-09-14T08:13:14Z launching uv_SRa_section_xp002_hi (live=4)
2026-09-14T08:44:46Z launching uv_M50_L8_tip (live=4)
2026-09-14T08:50:16Z launching uv_M50_L12_tip (live=4)
2026-09-14T09:21:48Z launching uv_M45_L10_tip (live=4)
2026-09-14T09:31:18Z launching uv_M60_L10_tip (live=4)
2026-09-14T09:42:49Z launching fig3_dir00 (live=4)
2026-09-14T09:58:20Z launching fig3_dir01 (live=4)
2026-09-14T10:39:53Z launching fig3_dir02 (live=4)
2026-09-14T10:47:23Z launching fig3_dir03 (live=4)
2026-09-14T10:50:53Z launching fig3_dir04 (live=4)
2026-09-14T11:02:24Z launching fig3_dir05 (live=4)
2026-09-14T11:41:57Z launching fig3_dir06 (live=4)
2026-09-14T11:49:19Z operator-18: inserted uv_M60_L10_tip_resume (refine --resume from the maxRuntime checkpoint of uv_M60_L10_tip, budget 7200 s) at the queue head
2026-09-14T11:49:27Z launching uv_M60_L10_tip_resume (live=3)
2026-09-14T11:50:57Z launching fig3_dir07 (live=3)
2026-09-14T11:52:27Z launching fig3_dir08 (live=4)
2026-09-14T11:53:58Z launching fig3_dir09 (live=4)
2026-09-14T12:17:29Z launching fig3_dir10 (live=4)
2026-09-14T12:41:01Z launching fig3_dir11 (live=4)
2026-09-14T12:46:32Z launching fig3_dir12 (live=4)
2026-09-14T12:48:02Z launching fig3_dir13 (live=3)
2026-09-14T12:49:32Z launching fig3_dir14 (live=4)
2026-09-14T13:09:04Z launching fig3_dir15 (live=4)
2026-09-14T13:34:38Z launching fig3_dir16 (live=4)
2026-09-14T13:42:09Z launching fig3_dir17 (live=3)
2026-09-14T13:43:39Z launching fig3_dir18 (live=3)
2026-09-14T13:45:09Z launching fig3_dir19 (live=4)
2026-09-14T14:08:41Z launching fig3_dir20 (live=4)
2026-09-14T14:30:13Z launching fig3_dir21 (live=4)
2026-09-14T14:39:44Z launching fig3_dir22 (live=4)
2026-09-14T14:43:14Z launching fig3_dir23 (live=4)
2026-09-14T14:44:44Z queue empty, exiting
2026-09-14T15:36:03Z launching fig3_pure_linf_1e4_tip_v2 (live=0)
2026-09-14T15:36:04Z operator-18: queued fig3_pure_linf_1e4_tip_v2 (C1 regulariser-sensitivity control: -x/+y/-y supports follow once accepted); runner restarted
2026-09-14T15:37:33Z queue empty, exiting
